../Core/Src/bno055_acc.c:13:6:bno055_assignHandel	8	static
../Core/Src/bno055_acc.c:17:6:bno055_setPageID	104	static
../Core/Src/bno055_acc.c:22:6:bno055_setOperationMode	104	static
../Core/Src/bno055_acc.c:36:9:bno055_readUnit	104	static
../Core/Src/bno055_acc.c:42:9:bno055_setUnit	96	static
../Core/Src/bno055_acc.c:51:10:bno055_getRegValue	112	static
../Core/Src/bno055_acc.c:62:6:bno055_getAccData	24	static
../Core/Src/bno055_acc.c:69:6:bno055_getGyrData	24	static
../Core/Src/bno055_acc.c:76:6:readSensorValues	104	static
